E:\Code_Doctorat_Virtex5\Projet_Karatsuba2\Simulation\implementation\system.ngc 1518354625
E:/Code_Doctorat_Virtex5/Projet_Karatsuba2/Simulation/implementation/microblaze_0_wrapper.ngc 1518354529
E:/Code_Doctorat_Virtex5/Projet_Karatsuba2/Simulation/implementation/mb_plb_wrapper.ngc 1518354461
E:/Code_Doctorat_Virtex5/Projet_Karatsuba2/Simulation/implementation/ilmb_wrapper.ngc 1518354531
E:/Code_Doctorat_Virtex5/Projet_Karatsuba2/Simulation/implementation/dlmb_wrapper.ngc 1518354534
E:/Code_Doctorat_Virtex5/Projet_Karatsuba2/Simulation/implementation/dlmb_cntlr_wrapper.ngc 1518354474
E:/Code_Doctorat_Virtex5/Projet_Karatsuba2/Simulation/implementation/ilmb_cntlr_wrapper.ngc 1518354479
E:/Code_Doctorat_Virtex5/Projet_Karatsuba2/Simulation/implementation/lmb_bram_wrapper.ngc 1518354484
E:/Code_Doctorat_Virtex5/Projet_Karatsuba2/Simulation/implementation/rs232_uart_0_wrapper.ngc 1518354498
E:/Code_Doctorat_Virtex5/Projet_Karatsuba2/Simulation/implementation/clock_generator_0_wrapper.ngc 1518354536
E:/Code_Doctorat_Virtex5/Projet_Karatsuba2/Simulation/implementation/mdm_0_wrapper.ngc 1518354512
E:/Code_Doctorat_Virtex5/Projet_Karatsuba2/Simulation/implementation/proc_sys_reset_0_wrapper.ngc 1518354516
E:/Code_Doctorat_Virtex5/Projet_Karatsuba2/Simulation/implementation/ip_karatsuba2_0_wrapper.ngc 1518354539
OK
